... logging to /home/orangepi/.ros/log/e0eb6e70-ab7e-11f1-be09-0a098e0a5fed/roslaunch-minicore-12810.log
Checking log directory for disk usage. This may take a while.
Press Ctrl-C to interrupt
Done checking log file disk usage. Usage is <1GB.
]2;/home/orangepi/exploration_ws/src/fuel_planner/exploration_manager/launch/exploration_real.launch
[1mstarted roslaunch server http://minicore:34535/[0m

SUMMARY
========

PARAMETERS
 * /exploration_node/astar/allocate_num: 1000000
 * /exploration_node/astar/lambda_heu: 10000.0
 * /exploration_node/astar/max_search_time: 0.001
 * /exploration_node/astar/resolution_astar: 0.2
 * /exploration_node/bspline/limit_acc: 2.0
 * /exploration_node/bspline/limit_ratio: 1.1
 * /exploration_node/bspline/limit_vel: 0.9
 * /exploration_node/exploration/am: 2.0
 * /exploration_node/exploration/max_decay: 0.8
 * /exploration_node/exploration/refine_local: True
 * /exploration_node/exploration/refined_num: 7
 * /exploration_node/exploration/refined_radius: 5.0
 * /exploration_node/exploration/relax_time: 1.0
 * /exploration_node/exploration/top_view_num: 15
 * /exploration_node/exploration/tsp_dir: /home/orangepi/ex...
 * /exploration_node/exploration/vm: 0.9
 * /exploration_node/exploration/w_dir: 1.5
 * /exploration_node/exploration/yd: 1.0471975333333332
 * /exploration_node/exploration/ydd: 1.5707963
 * /exploration_node/frontier/candidate_dphi: 0.2617993833333333
 * /exploration_node/frontier/candidate_rmax: 2.5
 * /exploration_node/frontier/candidate_rmin: 1.5
 * /exploration_node/frontier/candidate_rnum: 3
 * /exploration_node/frontier/cluster_min: 100
 * /exploration_node/frontier/cluster_size_xy: 2.0
 * /exploration_node/frontier/cluster_size_z: 10.0
 * /exploration_node/frontier/down_sample: 3
 * /exploration_node/frontier/min_candidate_clearance: 0.21
 * /exploration_node/frontier/min_candidate_dist: 0.75
 * /exploration_node/frontier/min_view_finish_fraction: 0.2
 * /exploration_node/frontier/min_visib_num: 15
 * /exploration_node/fsm/replan_time: 0.2
 * /exploration_node/fsm/thresh_replan1: 0.5
 * /exploration_node/fsm/thresh_replan2: 0.5
 * /exploration_node/fsm/thresh_replan3: 1.5
 * /exploration_node/heading_planner/half_vert_num: 5
 * /exploration_node/heading_planner/lambda1: 2.0
 * /exploration_node/heading_planner/lambda2: 1.0
 * /exploration_node/heading_planner/max_yaw_rate: 0.17453292222222222
 * /exploration_node/heading_planner/w: 20000.0
 * /exploration_node/heading_planner/weight_type: 1.0
 * /exploration_node/heading_planner/yaw_diff: 0.5235987666666666
 * /exploration_node/manager/clearance_threshold: 0.2
 * /exploration_node/manager/control_points_distance: 0.35
 * /exploration_node/manager/dynamic_environment: 0
 * /exploration_node/manager/local_segment_length: 6.0
 * /exploration_node/manager/max_acc: 2.0
 * /exploration_node/manager/max_jerk: 4.0
 * /exploration_node/manager/max_vel: 0.9
 * /exploration_node/manager/min_time: True
 * /exploration_node/manager/safety_check_distance: 6.0
 * /exploration_node/manager/safety_check_dt: 0.02
 * /exploration_node/manager/use_active_perception: True
 * /exploration_node/manager/use_geometric_path: True
 * /exploration_node/manager/use_kinodynamic_path: True
 * /exploration_node/manager/use_optimization: True
 * /exploration_node/manager/use_topo_path: True
 * /exploration_node/map_ros/all_map_publish_period: 0.5
 * /exploration_node/map_ros/boundary_line_width: 0.06
 * /exploration_node/map_ros/cx: 321.04638671875
 * /exploration_node/map_ros/cy: 243.44969177246094
 * /exploration_node/map_ros/depth_filter_margin: 2
 * /exploration_node/map_ros/depth_filter_maxdist: 5.0
 * /exploration_node/map_ros/depth_filter_mindist: 0.2
 * /exploration_node/map_ros/esdf_slice_height: 0.3
 * /exploration_node/map_ros/frame_id: world
 * /exploration_node/map_ros/fx: 387.229248046875
 * /exploration_node/map_ros/fy: 387.229248046875
 * /exploration_node/map_ros/k_depth_scaling_factor: 1000.0
 * /exploration_node/map_ros/show_all_map: True
 * /exploration_node/map_ros/show_boundary_wireframes: True
 * /exploration_node/map_ros/show_esdf_time: False
 * /exploration_node/map_ros/show_occ_time: False
 * /exploration_node/map_ros/show_outside_box: True
 * /exploration_node/map_ros/skip_pixel: 2
 * /exploration_node/map_ros/visualization_truncate_height: 10.09
 * /exploration_node/map_ros/visualization_truncate_low: -2.0
 * /exploration_node/optimization/algorithm1: 15
 * /exploration_node/optimization/algorithm2: 11
 * /exploration_node/optimization/dist0: 0.7
 * /exploration_node/optimization/ld_dist: 10.0
 * /exploration_node/optimization/ld_end: 0.5
 * /exploration_node/optimization/ld_feasi: 2.0
 * /exploration_node/optimization/ld_guide: 1.5
 * /exploration_node/optimization/ld_smooth: 20.0
 * /exploration_node/optimization/ld_start: 100.0
 * /exploration_node/optimization/ld_time: 1.0
 * /exploration_node/optimization/ld_view: 0.0
 * /exploration_node/optimization/ld_waypt: 0.3
 * /exploration_node/optimization/max_acc: 2.0
 * /exploration_node/optimization/max_iteration_num1: 2
 * /exploration_node/optimization/max_iteration_num2: 2000
 * /exploration_node/optimization/max_iteration_num3: 200
 * /exploration_node/optimization/max_iteration_num4: 200
 * /exploration_node/optimization/max_iteration_time1: 0.0001
 * /exploration_node/optimization/max_iteration_time2: 0.005
 * /exploration_node/optimization/max_iteration_time3: 0.003
 * /exploration_node/optimization/max_iteration_time4: 0.003
 * /exploration_node/optimization/max_vel: 0.9
 * /exploration_node/perception_utils/left_angle: 1.55
 * /exploration_node/perception_utils/max_dist: 10.0
 * /exploration_node/perception_utils/right_angle: 1.55
 * /exploration_node/perception_utils/top_angle: 1.0
 * /exploration_node/perception_utils/vis_dist: 1.0
 * /exploration_node/sdf_map/box_max_x: 3.0
 * /exploration_node/sdf_map/box_max_y: 3.5
 * /exploration_node/sdf_map/box_max_z: 2.5
 * /exploration_node/sdf_map/box_min_x: -3.0
 * /exploration_node/sdf_map/box_min_y: -3.5
 * /exploration_node/sdf_map/box_min_z: 0.0
 * /exploration_node/sdf_map/default_dist: 0.0
 * /exploration_node/sdf_map/ground_height: -1.0
 * /exploration_node/sdf_map/local_bound_inflate: 0.5
 * /exploration_node/sdf_map/local_map_margin: 50
 * /exploration_node/sdf_map/map_size_x: 20.0
 * /exploration_node/sdf_map/map_size_y: 40.0
 * /exploration_node/sdf_map/map_size_z: 4.0
 * /exploration_node/sdf_map/max_ray_length: 10.0
 * /exploration_node/sdf_map/min_ray_length: 0.5
 * /exploration_node/sdf_map/obstacles_inflation: 0.299
 * /exploration_node/sdf_map/optimistic: False
 * /exploration_node/sdf_map/p_hit: 0.65
 * /exploration_node/sdf_map/p_max: 0.9
 * /exploration_node/sdf_map/p_min: 0.12
 * /exploration_node/sdf_map/p_miss: 0.35
 * /exploration_node/sdf_map/p_occ: 0.8
 * /exploration_node/sdf_map/resolution: 0.05
 * /exploration_node/sdf_map/signed_dist: False
 * /exploration_node/sdf_map/virtual_ceil_height: -10.0
 * /exploration_node/sdf_map/virtual_wall_enabled: True
 * /exploration_node/sdf_map/virtual_wall_thickness: 0.0
 * /exploration_node/search/allocate_num: 100000
 * /exploration_node/search/check_num: 10
 * /exploration_node/search/horizon: 5.0
 * /exploration_node/search/init_max_tau: 1.0
 * /exploration_node/search/lambda_heu: 10.0
 * /exploration_node/search/margin: 0.2
 * /exploration_node/search/max_acc: 2.0
 * /exploration_node/search/max_tau: 0.8
 * /exploration_node/search/max_vel: 0.9
 * /exploration_node/search/optimistic: False
 * /exploration_node/search/resolution_astar: 0.025
 * /exploration_node/search/time_resolution: 0.8
 * /exploration_node/search/vel_margin: 0.25
 * /exploration_node/search/w_time: 10.0
 * /rosdistro: noetic
 * /rosversion: 1.17.4
 * /traj_server/perception_utils/left_angle: 1.55
 * /traj_server/perception_utils/max_dist: 10.0
 * /traj_server/perception_utils/right_angle: 1.55
 * /traj_server/perception_utils/top_angle: 1.0
 * /traj_server/perception_utils/vis_dist: 1.0
 * /traj_server/safety_gate/box_max_x: 3.0
 * /traj_server/safety_gate/box_max_y: 3.5
 * /traj_server/safety_gate/box_max_z: 2.5
 * /traj_server/safety_gate/box_min_x: -3.0
 * /traj_server/safety_gate/box_min_y: -3.5
 * /traj_server/safety_gate/box_min_z: 0.0
 * /traj_server/safety_gate/braking_margin: 0.3
 * /traj_server/safety_gate/enabled: True
 * /traj_server/safety_gate/odom_timeout: 0.2
 * /traj_server/safety_gate/trajectory_check_dt: 0.02
 * /traj_server/traj_server/init_x: 0.0
 * /traj_server/traj_server/init_y: 0.0
 * /traj_server/traj_server/init_z: 1.0
 * /traj_server/traj_server/pub_traj_id: 4
 * /traj_server/traj_server/time_forward: 1.5
 * /waypoint_generator/waypoint_type: point

NODES
  /
    exploration_node (exploration_manager/exploration_node)
    odom_to_pose (fuel_bridge/odom_to_pose)
    traj_server (plan_manage/traj_server)
    waypoint_generator (waypoint_generator/waypoint_generator)
    world_to_camera_init (tf2_ros/static_transform_publisher)
[33m[WARN] [1788869706.675319156]: [Traj server]: init...[0m
hit: 0.619039, miss: -0.619039, min: -1.99243, max: 2.19722, thresh: 1.38629
origin_: -10 -20  -1
map size: 20 40  4
origin_: -10 -20  -1
map size: 20 40  4
[0m[INFO] [1788869707.513382129]: Perception FOV type: pinhole[0m
yaw diff: 0.523599
max yaw diff: 0.174533
vert num: 5
top:        0
 0.84659
0.532245
bottom:        0
-0.84659
0.532245
left: 0.769831
       0
0.638248
right: -0.771876
        0
 0.635773
lefttop: -3.73084  -2.3951      4.5
leftbottom: -2.87212   2.3951      4.5
righttop: 2.86098 -2.3951     4.5
rightbottom: 2.86098  2.3951     4.5
T_cb:  0 -1  0  0
 0  0  1  0
 1  0  0  0
 0  0  0  1
T_bc: -0  0  1  0
-1 -0  0 -0
-0  1 -0  0
 0 -0  0  1
[0m[INFO] [1788869707.547355747]: Perception FOV type: pinhole[0m
origin_: -10 -20  -1
map size: 20 40  4
0
0
[33m[WARN] [1788869708.642714585]: no odom.[0m
[33m[WARN] [1788869709.647505010]: no odom.[0m
[33m[WARN] [1788869709.756126556]: [Traj server]: ready.[0m
[33m[WARN] [1788869710.654024420]: no odom.[0m
[33m[WARN] [1788869711.659432882]: no odom.[0m
[33m[WARN] [1788869712.659848929]: no odom.[0m
[33m[WARN] [1788869713.669366646]: no odom.[0m
[33m[WARN] [1788869714.679362692]: no odom.[0m
[33m[WARN] [1788869715.689382946]: no odom.[0m
[33m[WARN] [1788869716.699409909]: no odom.[0m
[33m[WARN] [1788869717.709286956]: no odom.[0m
[33m[WARN] [1788869718.719233419]: no odom.[0m
[33m[WARN] [1788869719.719377343]: no odom.[0m
[33m[WARN] [1788869720.719581642]: no odom.[0m
[33m[WARN] [1788869721.729257733]: no odom.[0m
[33m[WARN] [1788869722.729328449]: no odom.[0m
[33m[WARN] [1788869723.739437953]: no odom.[0m
[33m[WARN] [1788869724.749354958]: no odom.[0m
[33m[WARN] [1788869725.759265838]: no odom.[0m
[33m[WARN] [1788869726.759842884]: no odom.[0m
[33m[WARN] [1788869727.769362351]: no odom.[0m
[33m[WARN] [1788869728.769571899]: no odom.[0m
[33m[WARN] [1788869729.779285906]: no odom.[0m
[33m[WARN] [1788869730.789493701]: no odom.[0m
[33m[WARN] [1788869731.807677633]: no odom.[0m
[33m[WARN] [1788869732.809297378]: no odom.[0m
[33m[WARN] [1788869733.809283512]: no odom.[0m
[33m[WARN] [1788869734.809338479]: no odom.[0m
[33m[WARN] [1788869735.809419112]: no odom.[0m
[33m[WARN] [1788869736.819524240]: no odom.[0m
[33m[WARN] [1788869737.829451162]: no odom.[0m
[33m[WARN] [1788869738.839306043]: no odom.[0m
[33m[WARN] [1788869739.839431301]: no odom.[0m
[33m[WARN] [1788869740.849290556]: no odom.[0m
[33m[WARN] [1788869741.855319387]: no odom.[0m
[33m[WARN] [1788869742.859484193]: no odom.[0m
[33m[WARN] [1788869743.869514655]: no odom.[0m
[33m[WARN] [1788869744.879494660]: no odom.[0m
[33m[WARN] [1788869745.889445206]: no odom.[0m
[33m[WARN] [1788869746.899437169]: no odom.[0m
[33m[WARN] [1788869747.906030662]: no odom.[0m
[33m[WARN] [1788869748.907999820]: no odom.[0m
[33m[WARN] [1788869749.909634148]: no odom.[0m
[33m[WARN] [1788869750.919424863]: no odom.[0m
[33m[WARN] [1788869751.919581912]: no odom.[0m
[33m[WARN] [1788869752.929457792]: no odom.[0m
[33m[WARN] [1788869753.929510718]: no odom.[0m
[33m[WARN] [1788869754.929563059]: no odom.[0m
[33m[WARN] [1788869755.939628813]: no odom.[0m
[33m[WARN] [1788869756.949493027]: no odom.[0m
[33m[WARN] [1788869757.959480032]: no odom.[0m
[33m[WARN] [1788869758.969457995]: no odom.[0m
[33m[WARN] [1788869759.979416999]: no odom.[0m
[33m[WARN] [1788869760.979454758]: no odom.[0m
[33m[WARN] [1788869761.979587016]: no odom.[0m
[33m[WARN] [1788869762.989821351]: no odom.[0m
[33m[WARN] [1788869763.999454859]: no odom.[0m
[33m[WARN] [1788869765.005840687]: no odom.[0m
[33m[WARN] [1788869766.009437164]: no odom.[0m
[33m[WARN] [1788869767.009548131]: no odom.[0m
[33m[WARN] [1788869768.019556427]: no odom.[0m
[33m[WARN] [1788869769.029680805]: no odom.[0m
[33m[WARN] [1788869770.039431853]: no odom.[0m
[33m[WARN] [1788869771.039485945]: no odom.[0m
[33m[WARN] [1788869772.039491620]: no odom.[0m
[33m[WARN] [1788869773.049505458]: no odom.[0m
[33m[WARN] [1788869774.059751377]: no odom.[0m
[33m[WARN] [1788869775.059637179]: no odom.[0m
[33m[WARN] [1788869776.069686016]: no odom.[0m
[33m[WARN] [1788869777.079445523]: no odom.[0m
[33m[WARN] [1788869778.089531526]: no odom.[0m
[0m[INFO] [1788869708.642560003]: [FSM]: state: INIT[0m
[0m[INFO] [1788869709.647454844]: [FSM]: state: INIT[0m
[0m[INFO] [1788869710.653977754]: [FSM]: state: INIT[0m
[0m[INFO] [1788869711.659296675]: [FSM]: state: INIT[0m
[0m[INFO] [1788869712.659759388]: [FSM]: state: INIT[0m
[0m[INFO] [1788869713.669291980]: [FSM]: state: INIT[0m
[0m[INFO] [1788869714.679267609]: [FSM]: state: INIT[0m
[0m[INFO] [1788869715.689343571]: [FSM]: state: INIT[0m
[0m[INFO] [1788869716.699301993]: [FSM]: state: INIT[0m
[0m[INFO] [1788869717.709238539]: [FSM]: state: INIT[0m
[0m[INFO] [1788869718.719195503]: [FSM]: state: INIT[0m
[0m[INFO] [1788869719.719275844]: [FSM]: state: INIT[0m
[0m[INFO] [1788869720.719488601]: [FSM]: state: INIT[0m
[0m[INFO] [1788869721.729210483]: [FSM]: state: INIT[0m
[0m[INFO] [1788869722.729277408]: [FSM]: state: INIT[0m
[0m[INFO] [1788869723.739330037]: [FSM]: state: INIT[0m
[0m[INFO] [1788869724.749270667]: [FSM]: state: INIT[0m
[0m[INFO] [1788869725.759215964]: [FSM]: state: INIT[0m
[0m[INFO] [1788869726.759544511]: [FSM]: state: INIT[0m
[0m[INFO] [1788869727.769249185]: [FSM]: state: INIT[0m
[0m[INFO] [1788869728.769446775]: [FSM]: state: INIT[0m
[0m[INFO] [1788869729.779237490]: [FSM]: state: INIT[0m
[0m[INFO] [1788869730.789337369]: [FSM]: state: INIT[0m
[0m[INFO] [1788869731.789258170]: [FSM]: state: INIT[0m
[0m[INFO] [1788869732.799320424]: [FSM]: state: INIT[0m
[0m[INFO] [1788869733.809227221]: [FSM]: state: INIT[0m
[0m[INFO] [1788869734.809253313]: [FSM]: state: INIT[0m
[0m[INFO] [1788869735.809379154]: [FSM]: state: INIT[0m
[0m[INFO] [1788869736.819408450]: [FSM]: state: INIT[0m
[0m[INFO] [1788869737.829361621]: [FSM]: state: INIT[0m
[0m[INFO] [1788869738.839245377]: [FSM]: state: INIT[0m
[0m[INFO] [1788869739.839229761]: [FSM]: state: INIT[0m
[0m[INFO] [1788869740.839236603]: [FSM]: state: INIT[0m
[0m[INFO] [1788869741.839456651]: [FSM]: state: INIT[0m
[0m[INFO] [1788869742.839439286]: [FSM]: state: INIT[0m
[0m[INFO] [1788869743.839548794]: [FSM]: state: INIT[0m
[0m[INFO] [1788869744.849460257]: [FSM]: state: INIT[0m
[0m[INFO] [1788869745.859631885]: [FSM]: state: INIT[0m
[0m[INFO] [1788869746.869461391]: [FSM]: state: INIT[0m
[0m[INFO] [1788869747.879447812]: [FSM]: state: INIT[0m
[0m[INFO] [1788869748.879547112]: [FSM]: state: INIT[0m
[0m[INFO] [1788869749.889572324]: [FSM]: state: INIT[0m
[0m[INFO] [1788869750.899448205]: [FSM]: state: INIT[0m
[0m[INFO] [1788869751.909433168]: [FSM]: state: INIT[0m
[0m[INFO] [1788869752.909790882]: [FSM]: state: INIT[0m
[0m[INFO] [1788869753.919492347]: [FSM]: state: INIT[0m
[0m[INFO] [1788869754.919495106]: [FSM]: state: INIT[0m
[0m[INFO] [1788869755.929422903]: [FSM]: state: INIT[0m
[0m[INFO] [1788869756.929469703]: [FSM]: state: INIT[0m
[0m[INFO] [1788869757.939622373]: [FSM]: state: INIT[0m
[0m[INFO] [1788869758.939462091]: [FSM]: state: INIT[0m
[0m[INFO] [1788869759.949426054]: [FSM]: state: INIT[0m
[0m[INFO] [1788869760.949434938]: [FSM]: state: INIT[0m
[0m[INFO] [1788869761.955371895]: [FSM]: state: INIT[0m
[0m[INFO] [1788869762.959512201]: [FSM]: state: INIT[0m
[0m[INFO] [1788869763.960183454]: [FSM]: state: INIT[0m
[0m[INFO] [1788869764.969681046]: [FSM]: state: INIT[0m
[0m[INFO] [1788869765.979430178]: [FSM]: state: INIT[0m
[0m[INFO] [1788869766.979431478]: [FSM]: state: INIT[0m
[0m[INFO] [1788869767.979573944]: [FSM]: state: INIT[0m
[0m[INFO] [1788869768.989466450]: [FSM]: state: INIT[0m
[0m[INFO] [1788869769.999486996]: [FSM]: state: INIT[0m
[0m[INFO] [1788869771.005329453]: [FSM]: state: INIT[0m
[0m[INFO] [1788869772.009437093]: [FSM]: state: INIT[0m
[0m[INFO] [1788869773.009547767]: [FSM]: state: INIT[0m
[0m[INFO] [1788869774.019476647]: [FSM]: state: INIT[0m
[0m[INFO] [1788869775.029431277]: [FSM]: state: INIT[0m
[0m[INFO] [1788869776.029688076]: [FSM]: state: INIT[0m
[0m[INFO] [1788869777.039404999]: [FSM]: state: INIT[0m
[0m[INFO] [1788869778.039551965]: [FSM]: state: INIT[0m
[0m[INFO] [1788869779.049404804]: [[33m[WARN] [1788869779.089633159]: no odom.[0m
[33m[WARN] [1788869780.099506873]: no odom.[0m
[33m[WARN] [1788869781.107868434]: no odom.[0m
[33m[WARN] [1788869782.109517636]: no odom.[0m
[33m[WARN] [1788869783.119437558]: no odom.[0m
[33m[WARN] [1788869784.119463067]: no odom.[0m
[33m[WARN] [1788869785.129466113]: no odom.[0m
[33m[WARN] [1788869786.139431534]: no odom.[0m
[33m[WARN] [1788869787.139471918]: no odom.[0m
[33m[WARN] [1788869788.149454547]: no odom.[0m
[33m[WARN] [1788869789.149981135]: no odom.[0m
[33m[WARN] [1788869790.149559231]: no odom.[0m
[33m[WARN] [1788869791.159691776]: no odom.[0m
[33m[WARN] [1788869792.159806242]: no odom.[0m
[33m[WARN] [1788869793.170133327]: no odom.[0m
[33m[WARN] [1788869794.179430838]: no odom.[0m
[33m[WARN] [1788869795.179511179]: no odom.[0m
[33m[WARN] [1788869796.189428476]: no odom.[0m
[33m[WARN] [1788869797.189466235]: no odom.[0m
[33m[WARN] [1788869798.199592071]: no odom.[0m
[33m[WARN] [1788869799.209577034]: no odom.[0m
[33m[WARN] [1788869800.219484123]: no odom.[0m
[33m[WARN] [1788869801.219530631]: no odom.[0m
[33m[WARN] [1788869802.219550307]: no odom.[0m
[33m[WARN] [1788869803.229536311]: no odom.[0m
[33m[WARN] [1788869804.239502899]: no odom.[0m
[33m[WARN] [1788869805.249455196]: no odom.[0m
[33m[WARN] [1788869806.259545741]: no odom.[0m
[33m[WARN] [1788869807.259647957]: no odom.[0m
[33m[WARN] [1788869808.269816377]: no odom.[0m
[33m[WARN] [1788869809.279468259]: no odom.[0m
[33m[WARN] [1788869810.289506305]: no odom.[0m
[33m[WARN] [1788869811.299463102]: no odom.[0m
[33m[WARN] [1788869812.309164275]: no odom.[0m
[33m[WARN] [1788869813.309423115]: no odom.[0m
[33m[WARN] [1788869814.309648706]: no odom.[0m
[33m[WARN] [1788869815.319530711]: no odom.[0m
[33m[WARN] [1788869816.329532591]: no odom.[0m
[33m[WARN] [1788869817.329550808]: no odom.[0m
[33m[WARN] [1788869818.339515062]: no odom.[0m
[33m[WARN] [1788869819.339500030]: no odom.[0m
[33m[WARN] [1788869820.339687829]: no odom.[0m
[33m[WARN] [1788869821.356878645]: no odom.[0m
[33m[WARN] [1788869822.359496173]: no odom.[0m
[33m[WARN] [1788869823.369435761]: no odom.[0m
[33m[WARN] [1788869824.369479644]: no odom.[0m
[33m[WARN] [1788869825.369516861]: no odom.[0m
[33m[WARN] [1788869826.379492199]: no odom.[0m
[33m[WARN] [1788869827.389433121]: no odom.[0m
[33m[WARN] [1788869828.407205182]: no odom.[0m
[33m[WARN] [1788869829.409477379]: no odom.[0m
[33m[WARN] [1788869830.409667095]: no odom.[0m
[33m[WARN] [1788869831.419441101]: no odom.[0m
[33m[WARN] [1788869832.419496943]: no odom.[0m
[33m[WARN] [1788869833.419576368]: no odom.[0m
[33m[WARN] [1788869834.429565706]: no odom.[0m
[33m[WARN] [1788869835.429803254]: no odom.[0m
[33m[WARN] [1788869836.439480803]: no odom.[0m
[33m[WARN] [1788869837.449524349]: no odom.[0m
[33m[WARN] [1788869838.449562108]: no odom.[0m
[33m[WARN] [1788869839.459556404]: no odom.[0m
[33m[WARN] [1788869840.469525908]: no odom.[0m
[33m[WARN] [1788869841.479612954]: no odom.[0m
[33m[WARN] [1788869842.270397175]: Shutdown request received.[0m
[33m[WARN] [1788869842.274182975]: Reason given for shutdown: [[/odom_to_pose] Reason: new node registered with same name][0m
[33m[WARN] [1788869842.291329033]: Shutdown request received.[0m
[33m[WARN] [1788869842.298307388]: Reason given for shutdown: [[/waypoint_generator] Reason: new node registered with same name][0m
[33m[WARN] [1788869842.312471181]: Shutdown request received.[0m
[33m[WARN] [1788869842.312670387]: Reason given for shutdown: [[/world_to_camera_init] Reason: new node registered with same name][0m
[33m[WARN] [1788869842.483155640]: Shutdown request received.[0m
[33m[WARN] [1788869842.483202306]: Reason given for shutdown: [[/exploration_node] Reason: new node registered with same name][0m
[33m[WARN] [1788869842.489634666]: no odom.[0m
[33m[WARN] [1788869842.493777463]: Shutdown request received.[0m
[33m[WARN] [1788869842.493830254]: Reason given for shutdown: [[/traj_server] Reason: new node registered with same name][0m
[0m[INFO] [1788869707.683898006]: Perception FOV type: pinhole[0m
FSM]: state: INIT[0m
[0m[INFO] [1788869780.049506604]: [FSM]: state: INIT[0m
[0m[INFO] [1788869781.059458609]: [FSM]: state: INIT[0m
[0m[INFO] [1788869782.059572492]: [FSM]: state: INIT[0m
[0m[INFO] [1788869783.069432914]: [FSM]: state: INIT[0m
[0m[INFO] [1788869784.069463964]: [FSM]: state: INIT[0m
[0m[INFO] [1788869785.079513385]: [FSM]: state: INIT[0m
[0m[INFO] [1788869786.079588477]: [FSM]: state: INIT[0m
[0m[INFO] [1788869787.089468440]: [FSM]: state: INIT[0m
[0m[INFO] [1788869788.099502403]: [FSM]: state: INIT[0m
[0m[INFO] [1788869789.106913430]: [FSM]: state: INIT[0m
[0m[INFO] [1788869790.109556916]: [FSM]: state: INIT[0m
[0m[INFO] [1788869791.109493175]: [FSM]: state: INIT[0m
[0m[INFO] [1788869792.119478721]: [FSM]: state: INIT[0m
[0m[INFO] [1788869793.119607771]: [FSM]: state: INIT[0m
[0m[INFO] [1788869794.129418610]: [FSM]: state: INIT[0m
[0m[INFO] [1788869795.129459869]: [FSM]: state: INIT[0m
[0m[INFO] [1788869796.139398749]: [FSM]: state: INIT[0m
[0m[INFO] [1788869797.139498340]: [FSM]: state: INIT[0m
[0m[INFO] [1788869798.149514511]: [FSM]: state: INIT[0m
[0m[INFO] [1788869799.150445345]: [FSM]: state: INIT[0m
[0m[INFO] [1788869800.156679508]: [FSM]: state: INIT[0m
[0m[INFO] [1788869801.159545825]: [FSM]: state: INIT[0m
[0m[INFO] [1788869802.169495205]: [FSM]: state: INIT[0m
[0m[INFO] [1788869803.179428418]: [FSM]: state: INIT[0m
[0m[INFO] [1788869804.179521301]: [FSM]: state: INIT[0m
[0m[INFO] [1788869805.189493139]: [FSM]: state: INIT[0m
[0m[INFO] [1788869806.189597105]: [FSM]: state: INIT[0m
[0m[INFO] [1788869807.199481736]: [FSM]: state: INIT[0m
[0m[INFO] [1788869808.205374360]: [FSM]: state: INIT[0m
[0m[INFO] [1788869809.209512041]: [FSM]: state: INIT[0m
[0m[INFO] [1788869810.219419129]: [FSM]: state: INIT[0m
[0m[INFO] [1788869811.229429883]: [FSM]: state: INIT[0m
[0m[INFO] [1788869812.229532683]: [FSM]: state: INIT[0m
[0m[INFO] [1788869813.229677482]: [FSM]: state: INIT[0m
[0m[INFO] [1788869814.239408406]: [FSM]: state: INIT[0m
[0m[INFO] [1788869815.239497206]: [FSM]: state: INIT[0m
[0m[INFO] [1788869816.239679630]: [FSM]: state: INIT[0m
[0m[INFO] [1788869817.249475594]: [FSM]: state: INIT[0m
[0m[INFO] [1788869818.255008596]: [FSM]: state: INIT[0m
[0m[INFO] [1788869819.259421608]: [FSM]: state: INIT[0m
[0m[INFO] [1788869820.269463570]: [FSM]: state: INIT[0m
[0m[INFO] [1788869821.269507746]: [FSM]: state: INIT[0m
[0m[INFO] [1788869822.279426501]: [FSM]: state: INIT[0m
[0m[INFO] [1788869823.279492384]: [FSM]: state: INIT[0m
[0m[INFO] [1788869824.279519351]: [FSM]: state: INIT[0m
[0m[INFO] [1788869825.279508443]: [FSM]: state: INIT[0m
[0m[INFO] [1788869826.289638072]: [FSM]: state: INIT[0m
[0m[INFO] [1788869827.299473411]: [FSM]: state: INIT[0m
[0m[INFO] [1788869828.307211685]: [FSM]: state: INIT[0m
[0m[INFO] [1788869829.309779880]: [FSM]: state: INIT[0m
[0m[INFO] [1788869830.319495054]: [FSM]: state: INIT[0m
[0m[INFO] [1788869831.319535354]: [FSM]: state: INIT[0m
[0m[INFO] [1788869832.329509525]: [FSM]: state: INIT[0m
[0m[INFO] [1788869833.339488030]: [FSM]: state: INIT[0m
[0m[INFO] [1788869834.349631950]: [FSM]: state: INIT[0m
[0m[INFO] [1788869835.349542834]: [FSM]: state: INIT[0m
[0m[INFO] [1788869836.349606551]: [FSM]: state: INIT[0m
[0m[INFO] [1788869837.359818095]: [FSM]: state: INIT[0m
[0m[INFO] [1788869838.369527144]: [FSM]: state: INIT[0m
[0m[INFO] [1788869839.379497523]: [FSM]: state: INIT[0m
[0m[INFO] [1788869840.379527115]: [FSM]: state: INIT[0m
[0m[INFO] [1788869841.389516745]: [FSM]: state: INIT[0m
[0m[INFO] [1788869842.389487421]: [FSM]: state: INIT[0m
des manager

[1mROS_MASTER_URI=http://localhost:11311[0m
]2;/home/orangepi/exploration_ws/src/fuel_planner/exploration_manager/launch/exploration_real.launch http://localhost:11311
[1mprocess[exploration_node-1]: started with pid [12839][0m
[1mprocess[odom_to_pose-2]: started with pid [12840][0m
[1mprocess[traj_server-3]: started with pid [12841][0m
[1mprocess[waypoint_generator-4]: started with pid [12847][0m
[1mprocess[world_to_camera_init-5]: started with pid [12852][0m
[1m[waypoint_generator-4] process has finished cleanly
log file: /home/orangepi/.ros/log/e0eb6e70-ab7e-11f1-be09-0a098e0a5fed/waypoint_generator-4*.log[0m
[1m[odom_to_pose-2] process has finished cleanly
log file: /home/orangepi/.ros/log/e0eb6e70-ab7e-11f1-be09-0a098e0a5fed/odom_to_pose-2*.log[0m
[1m[world_to_camera_init-5] process has finished cleanly
log file: /home/orangepi/.ros/log/e0eb6e70-ab7e-11f1-be09-0a098e0a5fed/world_to_camera_init-5*.log[0m
[1m[traj_server-3] process has finished cleanly
log file: /home/orangepi/.ros/log/e0eb6e70-ab7e-11f1-be09-0a098e0a5fed/traj_server-3*.log[0m
[1m[exploration_node-1] process has finished cleanly
log file: /home/orangepi/.ros/log/e0eb6e70-ab7e-11f1-be09-0a098e0a5fed/exploration_node-1*.log[0m
all processes on machine have died, roslaunch will exit
shutting down processing monitor...
... shutting down processing monitor complete
[1mdone[0m
